/file/set-tui-version "24.2"
(cx-gui-do cx-activate-item "MenuBar*ReadSubMenu*Mesh...")
(cx-gui-do cx-set-file-dialog-entries "Select File" '( "E:/Crandfield/Validation and Verification for Aerospace Applications/tyrrell_3_6_degree_hc_0_224_ge.msh") "All Mesh Files (*.msh* *.MSH* )")
(cx-gui-do cx-set-list-tree-selections "NavigationPane*Frame2*Table1*List_Tree2" (list "Setup|Models|Viscous (SST k-omega)"))
(cx-gui-do cx-set-list-tree-selections "NavigationPane*Frame2*Table1*List_Tree2" (list "Setup|Models|Viscous (SST k-omega)"))
(cx-gui-do cx-activate-item "NavigationPane*Frame2*Table1*List_Tree2")
(cx-gui-do cx-set-list-tree-selections "NavigationPane*Frame2*Table1*List_Tree2" (list "Setup|Models|Viscous (SST k-omega)"))
(cx-gui-do cx-set-toggle-button2 "Viscous Model*Table1*ToggleBox1(Model)*Spalart-Allmaras (1 eqn)" #t)
(cx-gui-do cx-activate-item "Viscous Model*Table1*ToggleBox1(Model)*Spalart-Allmaras (1 eqn)")
(cx-gui-do cx-activate-item "Viscous Model*PanelButtons*PushButton1(OK)")
(cx-gui-do cx-set-toggle-button2 "General*Table1*Table2(Solver)*ButtonBox1(Type)*Density-Based" #t)
(cx-gui-do cx-activate-item "General*Table1*Table2(Solver)*ButtonBox1(Type)*Density-Based")
(cx-gui-do cx-set-list-tree-selections "NavigationPane*Frame2*Table1*List_Tree2" (list "Setup|Models|Viscous (Spalart-Allmaras (1 eqn))"))
(cx-gui-do cx-set-list-tree-selections "NavigationPane*Frame2*Table1*List_Tree2" (list "Setup|Materials|Fluid|air"))
(cx-gui-do cx-set-list-tree-selections "NavigationPane*Frame2*Table1*List_Tree2" (list "Setup|Materials|Fluid|air"))
(cx-gui-do cx-activate-item "NavigationPane*Frame2*Table1*List_Tree2")
(cx-gui-do cx-set-list-tree-selections "NavigationPane*Frame2*Table1*List_Tree2" (list "Setup|Materials|Fluid|air"))
(cx-gui-do cx-set-list-selections "Create/Edit Materials*Table2*Table1(Properties)*DropDownList4(Density)" '( 1))
(cx-gui-do cx-activate-item "Create/Edit Materials*Table2*Table1(Properties)*DropDownList4(Density)")
(cx-gui-do cx-set-list-selections "Create/Edit Materials*Table2*Table1(Properties)*DropDownList7(Viscosity)" '( 6))
(cx-gui-do cx-activate-item "Create/Edit Materials*Table2*Table1(Properties)*DropDownList7(Viscosity)")
(cx-gui-do cx-activate-item "Sutherland Law*PanelButtons*PushButton1(OK)")
(cx-gui-do cx-activate-item "Create/Edit Materials*PanelButtons*PushButton3(Change/Create)")
(cx-gui-do cx-activate-item "Create/Edit Materials*PanelButtons*PushButton1(Close)")
(cx-gui-do cx-activate-item "General*Table1*ButtonBox1(Mesh)*PushButton2(Display)")
(cx-gui-do cx-activate-item "Mesh Display*PanelButtons*PushButton1(OK)")
(cx-gui-do cx-activate-item "Mesh Display*PanelButtons*PushButton2(Cancel)")
(cx-gui-do cx-activate-item "Ribbon*Frame1*Frame2(Domain)*Table1*Table3(Mesh)*PushButton7(Transform)")
(cx-gui-do cx-activate-item "MenuBar*PopupMenuScaleTransform*Rotate...")
(cx-gui-do cx-set-real-entry-list "Rotate Mesh*Table1*RealEntry1(Rotation Angle)" '( 0.06283184))
(cx-gui-do cx-activate-item "Rotate Mesh*PanelButtons*PushButton1(OK)")
(cx-gui-do cx-activate-item "Rotate Mesh*PanelButtons*PushButton2(Cancel)")
(cx-gui-do cx-activate-item "General*Table1*ButtonBox1(Mesh)*PushButton2(Display)")
(cx-gui-do cx-activate-item "Mesh Display*PanelButtons*PushButton1(OK)")
(cx-gui-do cx-activate-item "Mesh Display*PanelButtons*PushButton2(Cancel)")
(cx-gui-do cx-activate-item "Ribbon*Frame1*Frame4(User-Defined)*Table1*Table3(User Defined)*PushButton2(Named Expressions)")
(cx-gui-do cx-activate-item "MenuBar*PopupMenuNamed Expressions*Manage...")
(cx-gui-do cx-activate-item "Expression Manager*PanelButtons*PushButton3(Import)")
(cx-gui-do cx-set-file-dialog-entries "Select File" '( "param_case2_fluent2d.tsv") "TSV Files (*.tsv)")
(cx-gui-do cx-activate-item "Expression Manager*PanelButtons*PushButton1(Close)")
(cx-gui-do cx-set-list-tree-selections "NavigationPane*Frame2*Table1*List_Tree2" (list "Setup|Boundary Conditions"))
(cx-gui-do cx-set-list-tree-selections "NavigationPane*Frame2*Table1*List_Tree2" (list "Setup|Boundary Conditions"))
(cx-gui-do cx-activate-item "NavigationPane*Frame2*Table1*List_Tree2")
(cx-gui-do cx-set-list-tree-selections "NavigationPane*Frame2*Table1*List_Tree2" (list "Setup|Boundary Conditions"))
(cx-gui-do cx-set-list-selections "Boundary Conditions*Table1*List2(Zone)" '( 0))
(cx-gui-do cx-activate-item "Boundary Conditions*Table1*List2(Zone)")
(cx-gui-do cx-activate-item "Boundary Conditions*Table1*Table3*Table4*ButtonBox1*PushButton1(Edit)")
(cx-gui-do cx-activate-tab-index "Wall*Frame4" 0)
(cx-gui-do cx-activate-tab-index "Wall*Frame4" 1)
(cx-gui-do cx-activate-tab-index "Wall*Frame4" 0)
(cx-gui-do cx-activate-tab-index "Wall*Frame4" 2)
(cx-gui-do cx-activate-tab-index "Wall*Frame4" 0)
(cx-gui-do cx-activate-tab-index "Wall*Frame4" 3)
(cx-gui-do cx-activate-tab-index "Wall*Frame4" 0)
(cx-gui-do cx-activate-tab-index "Wall*Frame4" 4)
(cx-gui-do cx-activate-tab-index "Wall*Frame4" 0)
(cx-gui-do cx-activate-tab-index "Wall*Frame4" 5)
(cx-gui-do cx-activate-tab-index "Wall*Frame4" 0)
(cx-gui-do cx-activate-tab-index "Wall*Frame4" 6)
(cx-gui-do cx-activate-tab-index "Wall*Frame4" 0)
(cx-gui-do cx-activate-tab-index "Wall*Frame4" 7)
(cx-gui-do cx-activate-tab-index "Wall*Frame4" 0)
(cx-gui-do cx-activate-tab-index "Wall*Frame4" 8)
(cx-gui-do cx-activate-tab-index "Wall*Frame4" 0)
(cx-gui-do cx-activate-tab-index "Wall*Frame4" 9)
(cx-gui-do cx-activate-tab-index "Wall*Frame4" 0)
(cx-gui-do cx-activate-tab-index "Wall*Frame4" 10)
(cx-gui-do cx-activate-tab-index "Wall*Frame4" 0)
(cx-gui-do cx-activate-tab-index "Wall*Frame4*Frame8(Wall Film)*Frame1*Frame2" 0)
(cx-gui-do cx-activate-tab-index "Wall*Frame4*Frame8(Wall Film)*Frame1*Frame2" 1)
(cx-gui-do cx-activate-tab-index "Wall*Frame4*Frame8(Wall Film)*Frame1*Frame2" 0)
(cx-gui-do cx-activate-tab-index "Wall*Frame4*Frame8(Wall Film)*Frame1*Frame2" 2)
(cx-gui-do cx-activate-tab-index "Wall*Frame4*Frame8(Wall Film)*Frame1*Frame2" 0)
(cx-gui-do cx-activate-tab-index "Wall*Frame4*Frame8(Wall Film)*Frame1*Frame2" 3)
(cx-gui-do cx-activate-tab-index "Wall*Frame4*Frame8(Wall Film)*Frame1*Frame2" 0)
(cx-gui-do cx-activate-tab-index "Wall*Frame4*Frame8(Wall Film)*Frame1*Frame2" 4)
(cx-gui-do cx-activate-tab-index "Wall*Frame4*Frame8(Wall Film)*Frame1*Frame2" 0)
(cx-gui-do cx-activate-tab-index "Wall*Frame4*Frame8(Wall Film)*Frame1*Frame2" 5)
(cx-gui-do cx-activate-tab-index "Wall*Frame4*Frame8(Wall Film)*Frame1*Frame2" 0)
(cx-gui-do cx-activate-item "Wall*PanelButtons*PushButton2(Cancel)")
(cx-gui-do cx-set-list-selections "Boundary Conditions*Table1*List2(Zone)" '( 1))
(cx-gui-do cx-activate-item "Boundary Conditions*Table1*List2(Zone)")
(cx-gui-do cx-activate-item "Boundary Conditions*Table1*Table3*Table4*ButtonBox1*PushButton1(Edit)")
(cx-gui-do cx-activate-tab-index "Wall*Frame4" 0)
(cx-gui-do cx-activate-tab-index "Wall*Frame4" 1)
(cx-gui-do cx-activate-tab-index "Wall*Frame4" 0)
(cx-gui-do cx-activate-tab-index "Wall*Frame4" 2)
(cx-gui-do cx-activate-tab-index "Wall*Frame4" 0)
(cx-gui-do cx-activate-tab-index "Wall*Frame4" 3)
(cx-gui-do cx-activate-tab-index "Wall*Frame4" 0)
(cx-gui-do cx-activate-tab-index "Wall*Frame4" 4)
(cx-gui-do cx-activate-tab-index "Wall*Frame4" 0)
(cx-gui-do cx-activate-tab-index "Wall*Frame4" 5)
(cx-gui-do cx-activate-tab-index "Wall*Frame4" 0)
(cx-gui-do cx-activate-tab-index "Wall*Frame4" 6)
(cx-gui-do cx-activate-tab-index "Wall*Frame4" 0)
(cx-gui-do cx-activate-tab-index "Wall*Frame4" 7)
(cx-gui-do cx-activate-tab-index "Wall*Frame4" 0)
(cx-gui-do cx-activate-tab-index "Wall*Frame4" 8)
(cx-gui-do cx-activate-tab-index "Wall*Frame4" 0)
(cx-gui-do cx-activate-tab-index "Wall*Frame4" 9)
(cx-gui-do cx-activate-tab-index "Wall*Frame4" 0)
(cx-gui-do cx-activate-tab-index "Wall*Frame4" 10)
(cx-gui-do cx-activate-tab-index "Wall*Frame4" 0)
(cx-gui-do cx-activate-tab-index "Wall*Frame4*Frame8(Wall Film)*Frame1*Frame2" 0)
(cx-gui-do cx-activate-tab-index "Wall*Frame4*Frame8(Wall Film)*Frame1*Frame2" 1)
(cx-gui-do cx-activate-tab-index "Wall*Frame4*Frame8(Wall Film)*Frame1*Frame2" 0)
(cx-gui-do cx-activate-tab-index "Wall*Frame4*Frame8(Wall Film)*Frame1*Frame2" 2)
(cx-gui-do cx-activate-tab-index "Wall*Frame4*Frame8(Wall Film)*Frame1*Frame2" 0)
(cx-gui-do cx-activate-tab-index "Wall*Frame4*Frame8(Wall Film)*Frame1*Frame2" 3)
(cx-gui-do cx-activate-tab-index "Wall*Frame4*Frame8(Wall Film)*Frame1*Frame2" 0)
(cx-gui-do cx-activate-tab-index "Wall*Frame4*Frame8(Wall Film)*Frame1*Frame2" 4)
(cx-gui-do cx-activate-tab-index "Wall*Frame4*Frame8(Wall Film)*Frame1*Frame2" 0)
(cx-gui-do cx-activate-tab-index "Wall*Frame4*Frame8(Wall Film)*Frame1*Frame2" 5)
(cx-gui-do cx-activate-tab-index "Wall*Frame4*Frame8(Wall Film)*Frame1*Frame2" 0)
(cx-gui-do cx-enable-apply-button "Wall")
(cx-gui-do cx-set-toggle-button2 "Wall*Frame4*Frame1(Momentum)*Table1*Frame1*Frame1*Table1*ToggleBox1(Wall Motion)*Moving Wall" #t)
(cx-gui-do cx-activate-item "Wall*Frame4*Frame1(Momentum)*Table1*Frame1*Frame1*Table1*ToggleBox1(Wall Motion)*Moving Wall")
(cx-gui-do cx-set-expression-entry "Wall*Frame4*Frame1(Momentum)*Table1*Frame1*Frame1*Table1*Table2(Motion)*Table2*Table1*ExpressionEntry1(Speed)" '("1" . 0))
(cx-gui-do cx-activate-item "Wall*PanelButtons*PushButton1(OK)")
(cx-gui-do cx-activate-item "Wall*PanelButtons*PushButton2(Cancel)")
(cx-gui-do cx-set-list-selections "Boundary Conditions*Table1*List2(Zone)" '( 2))
(cx-gui-do cx-activate-item "Boundary Conditions*Table1*List2(Zone)")
(cx-gui-do cx-activate-item "Boundary Conditions*Table1*Table3*Table4*ButtonBox1*PushButton1(Edit)")
(cx-gui-do cx-activate-tab-index "Pressure Far-Field*Frame3" 0)
(cx-gui-do cx-activate-tab-index "Pressure Far-Field*Frame3" 1)
(cx-gui-do cx-activate-tab-index "Pressure Far-Field*Frame3" 0)
(cx-gui-do cx-activate-tab-index "Pressure Far-Field*Frame3" 2)
(cx-gui-do cx-activate-tab-index "Pressure Far-Field*Frame3" 0)
(cx-gui-do cx-activate-tab-index "Pressure Far-Field*Frame3" 3)
(cx-gui-do cx-activate-tab-index "Pressure Far-Field*Frame3" 0)
(cx-gui-do cx-activate-tab-index "Pressure Far-Field*Frame3" 4)
(cx-gui-do cx-activate-tab-index "Pressure Far-Field*Frame3" 0)
(cx-gui-do cx-activate-tab-index "Pressure Far-Field*Frame3" 5)
(cx-gui-do cx-activate-tab-index "Pressure Far-Field*Frame3" 0)
(cx-gui-do cx-activate-tab-index "Pressure Far-Field*Frame3" 6)
(cx-gui-do cx-activate-tab-index "Pressure Far-Field*Frame3" 0)
(cx-gui-do cx-activate-tab-index "Pressure Far-Field*Frame3" 7)
(cx-gui-do cx-activate-tab-index "Pressure Far-Field*Frame3" 0)
(cx-gui-do cx-enable-apply-button "Pressure Far-Field")
(cx-gui-do cx-set-expression-entry "Pressure Far-Field*Frame3*Frame1(Momentum)*Table1*Table11*ExpressionEntry1(Gauge Pressure)" '("pressure" . 1))
(cx-gui-do cx-set-expression-entry "Pressure Far-Field*Frame3*Frame1(Momentum)*Table1*Table12*ExpressionEntry1(Mach Number)" '("Ma" . 1))
(cx-gui-do cx-set-expression-entry "Pressure Far-Field*Frame3*Frame1(Momentum)*Table1*Table14*ExpressionEntry1(X-Component of Flow Direction)" '("x_component" . 1))
(cx-gui-do cx-set-expression-entry "Pressure Far-Field*Frame3*Frame1(Momentum)*Table1*Table15*ExpressionEntry1(Y-Component of Flow Direction)" '("y_component" . 1))
(cx-gui-do cx-activate-tab-index "Pressure Far-Field*Frame3" 1)
(cx-gui-do cx-set-expression-entry "Pressure Far-Field*Frame3*Frame2(Thermal)*Table1*Table1*ExpressionEntry1(Temperature)" '("temperature" . 1))
(cx-gui-do cx-activate-item "Pressure Far-Field*PanelButtons*PushButton1(OK)")
(cx-gui-do cx-activate-item "Pressure Far-Field*PanelButtons*PushButton2(Cancel)")
(cx-gui-do cx-activate-item "Boundary Conditions*Table1*Table3*Table4*Table2*ButtonBox1*PushButton1(Copy)")
(cx-gui-do cx-set-list-selections "Copy Conditions*Table1*List1(From Cell Zone)" '( 2))
(cx-gui-do cx-activate-item "Copy Conditions*Table1*List1(From Cell Zone)")
(cx-gui-do cx-activate-item "Copy Conditions*Table1*List2(To Cell Zones)")
(cx-gui-do cx-set-list-selections "Copy Conditions*Table1*List2(To Cell Zones)" '( 0 1))
(cx-gui-do cx-activate-item "Copy Conditions*Table1*List2(To Cell Zones)")
(cx-gui-do cx-activate-item "Copy Conditions*PanelButtons*PushButton1(OK)")
(cx-gui-do cx-activate-item "Question*OK")
(cx-gui-do cx-activate-item "Copy Conditions*PanelButtons*PushButton2(Cancel)")
(cx-gui-do cx-set-list-selections "Boundary Conditions*Table1*List2(Zone)" '( 3))
(cx-gui-do cx-activate-item "Boundary Conditions*Table1*List2(Zone)")
(cx-gui-do cx-set-list-selections "Boundary Conditions*Table1*List2(Zone)" '( 5))
(cx-gui-do cx-activate-item "Boundary Conditions*Table1*List2(Zone)")
(cx-gui-do cx-set-list-selections "Boundary Conditions*Table1*List2(Zone)" '( 6))
(cx-gui-do cx-activate-item "Boundary Conditions*Table1*List2(Zone)")
(cx-gui-do cx-set-list-selections "Boundary Conditions*Table1*List2(Zone)" '( 5))
(cx-gui-do cx-activate-item "Boundary Conditions*Table1*List2(Zone)")
(cx-gui-do cx-set-list-selections "Boundary Conditions*Table1*List2(Zone)" '( 6))
(cx-gui-do cx-activate-item "Boundary Conditions*Table1*List2(Zone)")
(cx-gui-do cx-activate-item "Boundary Conditions*Table1*Table3*Table4*ButtonBox1*PushButton1(Edit)")
(cx-gui-do cx-activate-tab-index "Pressure Far-Field*Frame3" 0)
(cx-gui-do cx-activate-tab-index "Pressure Far-Field*Frame3" 1)
(cx-gui-do cx-activate-tab-index "Pressure Far-Field*Frame3" 0)
(cx-gui-do cx-activate-tab-index "Pressure Far-Field*Frame3" 2)
(cx-gui-do cx-activate-tab-index "Pressure Far-Field*Frame3" 0)
(cx-gui-do cx-activate-tab-index "Pressure Far-Field*Frame3" 3)
(cx-gui-do cx-activate-tab-index "Pressure Far-Field*Frame3" 0)
(cx-gui-do cx-activate-tab-index "Pressure Far-Field*Frame3" 4)
(cx-gui-do cx-activate-tab-index "Pressure Far-Field*Frame3" 0)
(cx-gui-do cx-activate-tab-index "Pressure Far-Field*Frame3" 5)
(cx-gui-do cx-activate-tab-index "Pressure Far-Field*Frame3" 0)
(cx-gui-do cx-activate-tab-index "Pressure Far-Field*Frame3" 6)
(cx-gui-do cx-activate-tab-index "Pressure Far-Field*Frame3" 0)
(cx-gui-do cx-activate-tab-index "Pressure Far-Field*Frame3" 7)
(cx-gui-do cx-activate-tab-index "Pressure Far-Field*Frame3" 0)
(cx-gui-do cx-activate-item "Pressure Far-Field*PanelButtons*PushButton2(Cancel)")
(cx-gui-do cx-set-list-tree-selections "NavigationPane*Frame2*Table1*List_Tree2" (list "Setup|Reference Values"))
(cx-gui-do cx-set-list-tree-selections "NavigationPane*Frame2*Table1*List_Tree2" (list "Setup|Reference Values"))
(cx-gui-do cx-activate-item "NavigationPane*Frame2*Table1*List_Tree2")
(cx-gui-do cx-set-list-tree-selections "NavigationPane*Frame2*Table1*List_Tree2" (list "Setup|Reference Values"))
(cx-gui-do cx-set-list-selections "Reference Values*DropDownList1(Compute from)" '( 3))
(cx-gui-do cx-activate-item "Reference Values*DropDownList1(Compute from)")
(cx-gui-do cx-set-list-selections "Reference Values*DropDownList4(Reference Zone)" '( 1))
(cx-gui-do cx-activate-item "Reference Values*DropDownList4(Reference Zone)")
(cx-gui-do cx-set-list-tree-selections "NavigationPane*Frame2*Table1*List_Tree2" (list "Solution|Methods"))
(cx-gui-do cx-set-list-tree-selections "NavigationPane*Frame2*Table1*List_Tree2" (list "Solution|Methods"))
(cx-gui-do cx-activate-item "NavigationPane*Frame2*Table1*List_Tree2")
(cx-gui-do cx-set-list-tree-selections "NavigationPane*Frame2*Table1*List_Tree2" (list "Solution|Methods"))
(cx-gui-do cx-set-list-selections "Solution Methods*Table1*Table1*DropDownList2(Flux Type)" '( 1))
(cx-gui-do cx-activate-item "Solution Methods*Table1*Table1*DropDownList2(Flux Type)")
(cx-gui-do cx-set-list-selections "Solution Methods*Table1*Table3(Spatial Discretization)*DropDownList2(Flow)" '( 0))
(cx-gui-do cx-activate-item "Solution Methods*Table1*Table3(Spatial Discretization)*DropDownList2(Flow)")
(cx-gui-do cx-set-list-selections "Solution Methods*Table1*Table3(Spatial Discretization)*DropDownList3(Modified Turbulent Viscosity)" '( 1))
(cx-gui-do cx-activate-item "Solution Methods*Table1*Table3(Spatial Discretization)*DropDownList3(Modified Turbulent Viscosity)")
(cx-gui-do cx-set-list-tree-selections "NavigationPane*Frame2*Table1*List_Tree2" (list "Solution|Controls"))
(cx-gui-do cx-set-list-tree-selections "NavigationPane*Frame2*Table1*List_Tree2" (list "Solution|Controls"))
(cx-gui-do cx-activate-item "NavigationPane*Frame2*Table1*List_Tree2")
(cx-gui-do cx-set-list-tree-selections "NavigationPane*Frame2*Table1*List_Tree2" (list "Solution|Controls"))
(cx-gui-do cx-set-list-tree-selections "NavigationPane*Frame2*Table1*List_Tree2" (list "Solution|Report Definitions"))
(cx-gui-do cx-set-list-tree-selections "NavigationPane*Frame2*Table1*List_Tree2" (list "Solution|Report Definitions"))
(cx-gui-do cx-activate-item "NavigationPane*Frame2*Table1*List_Tree2")
(cx-gui-do cx-set-list-tree-selections "NavigationPane*Frame2*Table1*List_Tree2" (list "Solution|Report Definitions"))
(cx-gui-do cx-activate-item "Report Definitions*Table1*ButtonBox3*PushButton1(New)")
(cx-gui-do cx-activate-item "MenuBar*Force ReportSubMenu*Drag...")
(cx-gui-do cx-set-text-entry "Drag Report Definition*Table1*TextEntry3(Name)" "cd")
(cx-gui-do cx-activate-item "Drag Report Definition*Table1*TextEntry3(Name)")
(cx-gui-do cx-set-list-selections "Drag Report Definition*Table1*Table2*List2(Zones)" '( 0))
(cx-gui-do cx-activate-item "Drag Report Definition*Table1*Table2*List2(Zones)")
(cx-gui-do cx-set-list-selections "Drag Report Definition*Table1*Table2*List2(Zones)" '( 0 2))
(cx-gui-do cx-activate-item "Drag Report Definition*Table1*Table2*List2(Zones)")
(cx-gui-do cx-activate-item "Drag Report Definition*PanelButtons*PushButton1(OK)")
(cx-gui-do cx-activate-item "Report Definitions*Table1*ButtonBox3*PushButton1(New)")
(cx-gui-do cx-activate-item "MenuBar*Force ReportSubMenu*Lift...")
(cx-gui-do cx-set-text-entry "Lift Report Definition*Table1*TextEntry3(Name)" "cl")
(cx-gui-do cx-activate-item "Lift Report Definition*Table1*TextEntry3(Name)")
(cx-gui-do cx-set-list-selections "Lift Report Definition*Table1*Table2*List2(Zones)" '( 0))
(cx-gui-do cx-activate-item "Lift Report Definition*Table1*Table2*List2(Zones)")
(cx-gui-do cx-set-list-selections "Lift Report Definition*Table1*Table2*List2(Zones)" '( 0 2))
(cx-gui-do cx-activate-item "Lift Report Definition*Table1*Table2*List2(Zones)")
(cx-gui-do cx-activate-item "Lift Report Definition*PanelButtons*PushButton1(OK)")
(cx-gui-do cx-activate-item "Report Definitions*PanelButtons*PushButton1(Close)")
(cx-gui-do cx-set-list-tree-selections "NavigationPane*Frame2*Table1*List_Tree2" (list "Solution|Monitors|Residual"))
(cx-gui-do cx-set-list-tree-selections "NavigationPane*Frame2*Table1*List_Tree2" (list "Solution|Monitors|Residual"))
(cx-gui-do cx-activate-item "NavigationPane*Frame2*Table1*List_Tree2")
(cx-gui-do cx-set-list-tree-selections "NavigationPane*Frame2*Table1*List_Tree2" (list "Solution|Monitors|Residual"))
(cx-gui-do cx-set-real-entry-list "Residual Monitors*Table1*Table2*Table1*Table1(Equations)*RealEntry29" '( 1e-06))
(cx-gui-do cx-activate-item "Residual Monitors*PanelButtons*PushButton1(OK)")
(cx-gui-do cx-set-list-tree-selections "NavigationPane*Frame2*Table1*List_Tree2" (list "Solution|Initialization"))
(cx-gui-do cx-set-list-tree-selections "NavigationPane*Frame2*Table1*List_Tree2" (list "Solution|Initialization"))
(cx-gui-do cx-activate-item "NavigationPane*Frame2*Table1*List_Tree2")
(cx-gui-do cx-set-list-tree-selections "NavigationPane*Frame2*Table1*List_Tree2" (list "Solution|Initialization"))
(cx-gui-do cx-activate-item "Solution Initialization*Table1*Frame12*PushButton1(More Settings)")
(cx-gui-do cx-activate-tab-index "Hybrid Initialization*Frame1" 0)
(cx-gui-do cx-activate-tab-index "Hybrid Initialization*Frame1" 1)
(cx-gui-do cx-activate-tab-index "Hybrid Initialization*Frame1" 0)
(cx-gui-do cx-activate-tab-index "Hybrid Initialization*Frame1" 2)
(cx-gui-do cx-activate-tab-index "Hybrid Initialization*Frame1" 0)
(cx-gui-do cx-set-integer-entry "Hybrid Initialization*Frame1*Frame1(General Settings)*Table1*Table1*IntegerEntry1(Number of Iterations)" 20)
(cx-gui-do cx-activate-item "Hybrid Initialization*Frame1*Frame1(General Settings)*Table1*Table1*IntegerEntry1(Number of Iterations)")
(cx-gui-do cx-activate-item "Hybrid Initialization*PanelButtons*PushButton1(OK)")
(cx-gui-do cx-activate-item "Hybrid Initialization*PanelButtons*PushButton2(Cancel)")
(cx-gui-do cx-set-list-tree-selections "NavigationPane*Frame2*Table1*List_Tree2" (list "Solution|Report Definitions"))
(cx-gui-do cx-set-list-tree-selections "NavigationPane*Frame2*Table1*List_Tree2" (list "Solution|Report Definitions"))
(cx-gui-do cx-set-list-tree-selections "NavigationPane*Frame2*Table1*List_Tree2" (list "Solution|Methods"))
(cx-gui-do cx-set-list-tree-selections "NavigationPane*Frame2*Table1*List_Tree2" (list "Solution|Methods"))
(cx-gui-do cx-set-list-tree-selections "NavigationPane*Frame2*Table1*List_Tree2" (list "Solution|Methods"))
(cx-gui-do cx-activate-item "NavigationPane*Frame2*Table1*List_Tree2")
(cx-gui-do cx-set-list-tree-selections "NavigationPane*Frame2*Table1*List_Tree2" (list "Solution|Methods"))
(cx-gui-do cx-set-list-tree-selections "NavigationPane*Frame2*Table1*List_Tree2" (list "Solution|Controls"))
(cx-gui-do cx-set-list-tree-selections "NavigationPane*Frame2*Table1*List_Tree2" (list "Solution|Controls"))
(cx-gui-do cx-activate-item "NavigationPane*Frame2*Table1*List_Tree2")
(cx-gui-do cx-set-list-tree-selections "NavigationPane*Frame2*Table1*List_Tree2" (list "Solution|Controls"))
(cx-gui-do cx-set-real-entry-list "Solution Controls*Table1*Table1*Table1*RealEntry2(Courant Number)" '( 25))
(cx-gui-do cx-activate-item "Solution Controls*Table1*Table1*Table1*RealEntry2(Courant Number)")
(cx-gui-do cx-set-real-entry-list "Solution Controls*Table1*Table1*Table5(Under-Relaxation Factors)*RealEntry1(Modified Turbulent Viscosity)" '( 0.9))
(cx-gui-do cx-activate-item "Solution Controls*Table1*Table1*Table5(Under-Relaxation Factors)*RealEntry1(Modified Turbulent Viscosity)")
(cx-gui-do cx-set-list-tree-selections "NavigationPane*Frame2*Table1*List_Tree2" (list "Solution|Initialization"))
(cx-gui-do cx-set-list-tree-selections "NavigationPane*Frame2*Table1*List_Tree2" (list "Solution|Initialization"))
(cx-gui-do cx-activate-item "NavigationPane*Frame2*Table1*List_Tree2")
(cx-gui-do cx-set-list-tree-selections "NavigationPane*Frame2*Table1*List_Tree2" (list "Solution|Initialization"))
(cx-gui-do cx-set-list-tree-selections "NavigationPane*Frame2*Table1*List_Tree2" (list "Solution|Run Calculation"))
(cx-gui-do cx-set-list-tree-selections "NavigationPane*Frame2*Table1*List_Tree2" (list "Solution|Run Calculation"))
(cx-gui-do cx-activate-item "NavigationPane*Frame2*Table1*List_Tree2")
(cx-gui-do cx-set-list-tree-selections "NavigationPane*Frame2*Table1*List_Tree2" (list "Solution|Run Calculation"))
(cx-gui-do cx-set-integer-entry "Run Calculation*Table1*Table3(Parameters)*Table1*Table1*IntegerEntry1(Number of Iterations)" 10000)
(cx-gui-do cx-activate-item "Run Calculation*Table1*Table3(Parameters)*Table1*Table1*IntegerEntry1(Number of Iterations)")
(cx-gui-do cx-set-list-tree-selections "NavigationPane*Frame2*Table1*List_Tree2" (list "Solution|Initialization"))
(cx-gui-do cx-set-list-tree-selections "NavigationPane*Frame2*Table1*List_Tree2" (list "Solution|Initialization"))
(cx-gui-do cx-activate-item "NavigationPane*Frame2*Table1*List_Tree2")
(cx-gui-do cx-set-list-tree-selections "NavigationPane*Frame2*Table1*List_Tree2" (list "Solution|Initialization"))
(cx-gui-do cx-activate-item "Solution Initialization*Table1*Frame12*PushButton2(Initialize)")
(cx-gui-do cx-set-list-tree-selections "NavigationPane*Frame2*Table1*List_Tree2" (list "Solution|Run Calculation"))
(cx-gui-do cx-set-list-tree-selections "NavigationPane*Frame2*Table1*List_Tree2" (list "Solution|Run Calculation"))
(cx-gui-do cx-activate-item "NavigationPane*Frame2*Table1*List_Tree2")
(cx-gui-do cx-set-list-tree-selections "NavigationPane*Frame2*Table1*List_Tree2" (list "Solution|Run Calculation"))
(cx-gui-do cx-activate-item "MenuBar*WriteSubMenu*Stop Journal")

